../Core/Src/main.c:85:5:main	8	static
../Core/Src/main.c:136:6:SystemClock_Config	88	static
../Core/Src/main.c:184:13:MX_ADC1_Init	24	static
../Core/Src/main.c:231:13:MX_TIM1_Init	80	static
../Core/Src/main.c:296:13:MX_GPIO_Init	24	static
../Core/Src/main.c:312:7:parse_gcode	328	static
../Core/Src/main.c:397:5:get_gcode_arg	32	static
../Core/Src/main.c:409:6:USB_CDC_RxHandler	1328	static
../Core/Src/main.c:445:6:HAL_ADC_ConvCpltCallback	1048	static
../Core/Src/main.c:466:6:Error_Handler	4	static,ignoring_inline_asm
