../Core/Src/main.c:308:13:MX_GPIO_Init	16	static
../Core/Src/main.c:324:7:parse_gcode	56	static
../Core/Src/main.c:409:5:get_gcode_arg	0	static
../Core/Src/main.c:421:6:USB_CDC_RxHandler	1320	static
../Core/Src/main.c:462:6:HAL_ADC_ConvCpltCallback	1112	static
../Core/Src/main.c:498:6:Error_Handler	0	static,ignoring_inline_asm
../Core/Src/main.c:243:13:MX_TIM1_Init	80	static
../Core/Src/main.c:196:13:MX_ADC1_Init	24	static
../Core/Src/main.c:148:6:SystemClock_Config	88	static
../Core/Src/main.c:97:5:main	8	static
